MO Debounce NULL Debounce.v vlg7D/_debounce.bin 1680522530
MO rom NULL rom.v vlg3A/rom.bin 1680522530
MO top NULL top.v vlg6F/top.bin 1680522530
MO effects NULL effects.v vlg64/effects.bin 1680522530
MO shrink NULL shrink.v vlg33/shrink.bin 1680522530
MO Tx NULL Tx.v vlg1C/_tx.bin 1680522530
MO fifo NULL fifo.v vlg7C/fifo.bin 1680522530
MO BaudGenT NULL BaudGenT.v vlg62/_baud_gen_t.bin 1680522530
